test_cached_friction_uses_solver_normal_convention (<run_path>.TestFeatherPGSPersistentContacts.test_cached_friction_uses_solver_normal_convention)
Project friction in the frame used by the actual contact Jacobians. ... FAIL

======================================================================
FAIL: test_cached_friction_uses_solver_normal_convention (<run_path>.TestFeatherPGSPersistentContacts.test_cached_friction_uses_solver_normal_convention)
Project friction in the frame used by the actual contact Jacobians.
----------------------------------------------------------------------
Traceback (most recent call last):
  File "/data/home/liinbor/logs/fpgs-persistent-contacts/test_normal_convention.py", line 220, in test_cached_friction_uses_solver_normal_convention
    np.testing.assert_allclose(world_tangent, 0.5 * projected_direction, atol=1.0e-6)
  File "/data/home/liinbor/src/il-newton-dev/skild-IL-solver/env_skild_IL_solver/lib/python3.11/site-packages/numpy/testing/_private/utils.py", line 1504, in assert_allclose
    assert_array_compare(compare, actual, desired, err_msg=str(err_msg),
  File "/data/home/liinbor/.local/share/uv/python/cpython-3.11.15-linux-x86_64-gnu/lib/python3.11/contextlib.py", line 81, in inner
    return func(*args, **kwds)
           ^^^^^^^^^^^^^^^^^^^
  File "/data/home/liinbor/src/il-newton-dev/skild-IL-solver/env_skild_IL_solver/lib/python3.11/site-packages/numpy/testing/_private/utils.py", line 797, in assert_array_compare
    raise AssertionError(msg)
AssertionError:
Not equal to tolerance rtol=1e-07, atol=1e-06

Mismatched elements: 3 / 3 (100%)
Max absolute difference: 0.02869762
Max relative difference: 2.0000002
 x: array([-0.014349,  0.487323, -0.100172], dtype=float32)
 y: array([ 0.014349,  0.48542 , -0.10902 ], dtype=float32)

----------------------------------------------------------------------
Ran 1 test in 0.270s

FAILED (failures=1)
Warp 1.16.0 initialized:
   CUDA Toolkit 12.9, Driver 13.0
   Devices:
     "cpu"      : "x86_64"
     "cuda:0"   : "NVIDIA RTX A6000" (47 GiB, sm_86, mempool enabled)
   Kernel cache:
     /data/home/liinbor/logs/fpgs-persistent-contacts/cache-block-v3/1.16.0
Module validate_and_correct_inertia_kernel_5e18b3cd 2f0edb1 load on device 'cpu' took 4.19 ms  (cached)
Module newton._src.geometry.bvh 0b8eaba load on device 'cpu' took 2.23 ms  (cached)
Module newton._src.solvers.feather_pgs.kernels d56af30 load on device 'cpu' took 2.50 ms  (cached)
Module newton._src.sim.articulation 1ee0c42 load on device 'cpu' took 2.50 ms  (cached)
Module newton._src.sim.collide f63816e load on device 'cpu' took 2.13 ms  (cached)
Module newton._src.geometry.broad_phase_nxn cbef3b7 load on device 'cpu' took 2.16 ms  (cached)
Module narrow_phase_primitive_write_contact_False_False_False_sat0 c769eaa load on device 'cpu' took 2.03 ms  (cached)
Module newton._src.geometry.narrow_phase 22ff895 load on device 'cpu' took 2.00 ms  (cached)
Module newton._src.geometry.contact_sort 6298964 load on device 'cpu' took 2.24 ms  (cached)
Module newton._src.geometry.contact_match f60e73f load on device 'cpu' took 2.04 ms  (cached)
Module newton._src.solvers.feather_pgs.solver_feather_pgs a254cb6 load on device 'cpu' took 1.92 ms  (cached)
srun: error: skildai-gpu01: task 0: Exited with exit code 1
